******************************************************************************
                  TMS470 Linker PC v4.9.5                      
******************************************************************************
>> Linked Thu Mar 05 01:39:13 2015

OUTPUT FILE NAME:   <teste_quad1D.out>
ENTRY POINT SYMBOL: "_c_int00"  address: 00005989


MEMORY CONFIGURATION

         name            origin    length      used     unused   attr    fill
----------------------  --------  ---------  --------  --------  ----  --------
  FLASH                 00000000   00040000  000064f8  00039b08  R  X
  SRAM                  20000000   00008000  00001194  00006e6c  RW X


SEGMENT ALLOCATION MAP

run origin  load origin   length   init length attrs members
----------  ----------- ---------- ----------- ----- -------
00000000    00000000    000064f8   000064f8    r-x
  00000000    00000000    0000026c   0000026c    r-- .intvecs
  0000026c    0000026c    00005e04   00005e04    r-x .text
  00006070    00006070    000003b8   000003b8    r-- .const
  00006428    00006428    000000d0   000000d0    r-- .cinit
20000000    20000000    00000f3b   00000000    rw-
  20000000    20000000    00000800   00000000    rw- .stack
  20000800    20000800    0000073b   00000000    rw- .bss
20000f40    20000f40    00000259   00000259    rw-
  20000f40    20000f40    00000259   00000259    rw- .data


SECTION ALLOCATION MAP

 output                                  attributes/
section   page    origin      length       input sections
--------  ----  ----------  ----------   ----------------
.intvecs   0    00000000    0000026c     
                  00000000    0000026c     startup_ccs.obj (.intvecs)

.text      0    0000026c    00005e04     
                  0000026c    00000b30     main.obj (.text)
                  00000d9c    000008cc     uartstdio.obj (.text)
                  00001668    00000570     RF24.obj (.text)
                  00001bd8    00000560     sensors.obj (.text)
                  00002138    000004ec     rtsv7M4_T_le_v4SPD16_eabi.lib : pow.obj (.text)
                  00002624    000004c4     HMC5883.obj (.text)
                  00002ae8    00000370     BMP085.obj (.text)
                  00002e58    00000324     rtsv7M4_T_le_v4SPD16_eabi.lib : xlog.obj (.text)
                  0000317c    000002f0     L3G4200D.obj (.text)
                  0000346c    000002b0     ADXL345.obj (.text)
                  0000371c    0000029c     motor.obj (.text)
                  000039b8    00000248     i2c_functions.obj (.text)
                  00003c00    0000023c     HC_SR04.obj (.text)
                  00003e3c    00000210     rtsv7M4_T_le_v4SPD16_eabi.lib : xexp.obj (.text)
                  0000404c    000001d8     driverlib-cm4f.lib : sysctl.obj (.text:SysCtlClockGet)
                  00004224    000001b6     rtsv7M4_T_le_v4SPD16_eabi.lib : fd_add_t2.obj (.text)
                  000043da    00000002     --HOLE-- [fill = 0]
                  000043dc    000001a8                                   : xatan.obj (.text)
                  00004584    00000198     rc.obj (.text)
                  0000471c    0000013c     driverlib-cm4f.lib : sysctl.obj (.text:SysCtlClockSet)
                  00004858    00000136     rtsv7M4_T_le_v4SPD16_eabi.lib : fd_div_t2.obj (.text)
                  0000498e    0000012e     linalg.obj (.text)
                  00004abc    00000124     buttons.obj (.text)
                  00004be0    00000120     rtsv7M4_T_le_v4SPD16_eabi.lib : atan2.obj (.text)
                  00004d00    00000108                                   : xdscale.obj (.text)
                  00004e08    00000100     spi_functions.obj (.text)
                  00004f08    000000fc     rtsv7M4_T_le_v4SPD16_eabi.lib : fd_mul_t2.obj (.text)
                  00005004    000000c8     driverlib-cm4f.lib : gpio.obj (.text:GPIOPadConfigSet)
                  000050cc    000000c8     rtsv7M4_T_le_v4SPD16_eabi.lib : xdint.obj (.text)
                  00005194    000000c0     driverlib-cm4f.lib : eeprom.obj (.text:EEPROMProgram)
                  00005254    000000be     rtsv7M4_T_le_v4SPD16_eabi.lib : xdnorm.obj (.text)
                  00005312    0000009c                                   : memcpy_t2.obj (.text)
                  000053ae    00000002     --HOLE-- [fill = 0]
                  000053b0    00000094     driverlib-cm4f.lib : sysctl.obj (.text:SysCtlPeripheralReset)
                  00005444    00000094     delay.obj (.text)
                  000054d8    00000094     rtsv7M4_T_le_v4SPD16_eabi.lib : auto_init.obj (.text)
                  0000556c    0000007e                                   : fd_cmp_t2.obj (.text)
                  000055ea    00000002     --HOLE-- [fill = 0]
                  000055ec    00000078     driverlib-cm4f.lib : gpio.obj (.text:GPIOPinTypeI2CSCL)
                  00005664    00000078     rtsv7M4_T_le_v4SPD16_eabi.lib : memset_t2.obj (.text)
                  000056dc    00000064     driverlib-cm4f.lib : interrupt.obj (.text:IntEnable)
                  00005740    00000064     rtsv7M4_T_le_v4SPD16_eabi.lib : xdunscal.obj (.text)
                  000057a4    0000005e                                   : copy_decompress_rle.obj (.text)
                  00005802    00000002     --HOLE-- [fill = 0]
                  00005804    00000058     driverlib-cm4f.lib : sysctl.obj (.text:SysCtlPeripheralEnable)
                  0000585c    0000004c                        : i2c.obj (.text:I2CMasterInitExpClk)
                  000058a8    0000004c     rtsv7M4_T_le_v4SPD16_eabi.lib : cpy_tbl.obj (.text)
                  000058f4    0000004a                                   : fd_tos_t2.obj (.text)
                  0000593e    00000002     --HOLE-- [fill = 0]
                  00005940    00000048     driverlib-cm4f.lib : gpio.obj (.text:GPIOPinConfigure)
                  00005988    00000048     rtsv7M4_T_le_v4SPD16_eabi.lib : boot.obj (.text)
                  000059d0    00000048                                   : fd_toi_t2.obj (.text)
                  00005a18    00000044     driverlib-cm4f.lib : eeprom.obj (.text:EEPROMInit)
                  00005a5c    00000044                        : gpio.obj (.text:GPIOIntTypeSet)
                  00005aa0    00000044                        : ssi.obj (.text:SSIConfigSetExpClk)
                  00005ae4    00000044     rtsv7M4_T_le_v4SPD16_eabi.lib : exit.obj (.text)
                  00005b28    00000044                                   : xdtest.obj (.text)
                  00005b6c    00000042                                   : u_divt2.obj (.text)
                  00005bae    00000002     --HOLE-- [fill = 0]
                  00005bb0    00000040                                   : signal.obj (.text)
                  00005bf0    0000003c     driverlib-cm4f.lib : eeprom.obj (.text:EEPROMSetSectorMask)
                  00005c2c    00000038     rtsv7M4_T_le_v4SPD16_eabi.lib : fs_tod_t2.obj (.text)
                  00005c64    00000034     driverlib-cm4f.lib : eeprom.obj (.text:EEPROMClearSectorMask)
                  00005c98    00000034     rtsv7M4_T_le_v4SPD16_eabi.lib : feraiseexcept.obj (.text)
                  00005ccc    00000030     driverlib-cm4f.lib : eeprom.obj (.text:EEPROMRead)
                  00005cfc    00000030     rtsv7M4_T_le_v4SPD16_eabi.lib : xferaise.obj (.text)
                  00005d2c    0000002e     driverlib-cm4f.lib : gpio.obj (.text:GPIODirModeSet)
                  00005d5a    0000002e     rtsv7M4_T_le_v4SPD16_eabi.lib : i_tofd_t2.obj (.text)
                  00005d88    0000002e                                   : raise.obj (.text)
                  00005db6    00000002     --HOLE-- [fill = 0]
                  00005db8    00000028     driverlib-cm4f.lib : timer.obj (.text:TimerConfigure)
                  00005de0    0000001a     rtsv7M4_T_le_v4SPD16_eabi.lib : log.obj (.text)
                  00005dfa    00000002     --HOLE-- [fill = 0]
                  00005dfc    00000018                                   : _lock.obj (.text)
                  00005e14    00000018                                   : args_main.obj (.text)
                  00005e2c    00000018                                   : ll_mul_t2.obj (.text)
                  00005e44    00000016     driverlib-cm4f.lib : i2c.obj (.text:I2CMasterErr)
                  00005e5a    00000002     --HOLE-- [fill = 0]
                  00005e5c    00000014                        : timer.obj (.text:TimerDisable)
                  00005e70    00000012                        : gpio.obj (.text:GPIOPinTypeGPIOInput)
                  00005e82    00000012                        : gpio.obj (.text:GPIOPinTypeGPIOOutput)
                  00005e94    00000012                        : gpio.obj (.text:GPIOPinTypeI2C)
                  00005ea6    00000012                        : gpio.obj (.text:GPIOPinTypeSSI)
                  00005eb8    00000012                        : gpio.obj (.text:GPIOPinTypeTimer)
                  00005eca    00000012                        : gpio.obj (.text:GPIOPinTypeUART)
                  00005edc    00000012                        : timer.obj (.text:TimerControlEvent)
                  00005eee    00000012                        : timer.obj (.text:TimerLoadSet)
                  00005f00    00000012                        : timer.obj (.text:TimerMatchSet)
                  00005f12    00000012                        : timer.obj (.text:TimerPrescaleMatchSet)
                  00005f24    00000012                        : timer.obj (.text:TimerPrescaleSet)
                  00005f36    00000012     rtsv7M4_T_le_v4SPD16_eabi.lib : copy_zero_init.obj (.text:decompress:ZI)
                  00005f48    00000010     driverlib-cm4f.lib : eeprom.obj (.text:EEPROMWaitForDone)
                  00005f58    00000010                        : fpu.obj (.text:FPUEnable)
                  00005f68    00000010                        : fpu.obj (.text:FPULazyStackingEnable)
                  00005f78    0000000e                        : gpio.obj (.text:GPIOPinIntStatus)
                  00005f86    0000000e                        : timer.obj (.text:TimerEnable)
                  00005f94    0000000e     rtsv7M4_T_le_v4SPD16_eabi.lib : copy_decompress_none.obj (.text:decompress:none)
                  00005fa2    0000000c     driverlib-cm4f.lib : cpu.obj (.text:CPUcpsie)
                  00005fae    0000000c                        : gpio.obj (.text:GPIOPinIntEnable)
                  00005fba    0000000c                        : ssi.obj (.text:SSIDataGet)
                  00005fc6    0000000c                        : timer.obj (.text:TimerLoadGet)
                  00005fd2    0000000c                        : timer.obj (.text:TimerValueGet)
                  00005fde    0000000c     startup_ccs.obj (.text)
                  00005fea    0000000a     driverlib-cm4f.lib : gpio.obj (.text:GPIOPinRead)
                  00005ff4    0000000a                        : gpio.obj (.text:GPIOPinWrite)
                  00005ffe    0000000a                        : i2c.obj (.text:I2CMasterEnable)
                  00006008    0000000a                        : interrupt.obj (.text:IntMasterEnable)
                  00006012    0000000a                        : ssi.obj (.text:SSIDataPut)
                  0000601c    0000000a                        : ssi.obj (.text:SSIEnable)
                  00006026    00000008                        : i2c.obj (.text:I2CMasterBusy)
                  0000602e    00000008                        : i2c.obj (.text:I2CMasterIntClear)
                  00006036    00000008                        : i2c.obj (.text:I2CMasterSlaveAddrSet)
                  0000603e    00000008                        : ssi.obj (.text:SSIBusy)
                  00006046    00000008                        : timer.obj (.text:TimerIntEnable)
                  0000604e    00000006                        : gpio.obj (.text:GPIOPinIntClear)
                  00006054    00000006                        : sysctl.obj (.text:SysCtlDelay)
                  0000605a    00000006     rtsv7M4_T_le_v4SPD16_eabi.lib : copy_decompress_rle.obj (.text:decompress:rle24)
                  00006060    00000004     driverlib-cm4f.lib : i2c.obj (.text:I2CMasterControl)
                  00006064    00000004                        : i2c.obj (.text:I2CMasterDataGet)
                  00006068    00000004                        : i2c.obj (.text:I2CMasterDataPut)
                  0000606c    00000004                        : timer.obj (.text:TimerIntClear)

.const     0    00006070    000003b8     
                  00006070    0000007c     RF24.obj (.const:.string)
                  000060ec    00000078     driverlib-cm4f.lib : gpio.obj (.const:g_pulGPIOBaseAddrs)
                  00006164    00000070                        : interrupt.obj (.const)
                  000061d4    0000006c                        : sysctl.obj (.const:g_pulXtals)
                  00006240    00000048     rtsv7M4_T_le_v4SPD16_eabi.lib : xatan.obj (.const)
                  00006288    00000048                                   : xexp.obj (.const)
                  000062d0    00000040                                   : xatan.obj (.const:a)
                  00006310    00000040     driverlib-cm4f.lib : sysctl.obj (.const)
                  00006350    00000038     rtsv7M4_T_le_v4SPD16_eabi.lib : xlog.obj (.const:p)
                  00006388    00000030                                   : xdint.obj (.const)
                  000063b8    00000028     uartstdio.obj (.const)
                  000063e0    00000012     uartstdio.obj (.const:.string)
                  000063f2    00000002     --HOLE-- [fill = 0]
                  000063f4    0000000e     RF24.obj (.const)
                  00006402    00000002     --HOLE-- [fill = 0]
                  00006404    0000000c     ADXL345.obj (.const)
                  00006410    0000000c     L3G4200D.obj (.const)
                  0000641c    00000004     --HOLE-- [fill = 0]
                  00006420    00000008     main.obj (.const)

.cinit     0    00006428    000000d0     
                  00006428    000000a5     (.cinit..data.load) [load image, compression = rle]
                  000064cd    00000003     --HOLE-- [fill = 0]
                  000064d0    0000000c     (__TI_handler_table)
                  000064dc    00000004     --HOLE-- [fill = 0]
                  000064e0    00000008     (.cinit..bss.load) [load image, compression = zero_init]
                  000064e8    00000010     (__TI_cinit_table)

.stack     0    20000000    00000800     UNINITIALIZED
                  20000000    00000800     --HOLE--

.bss       0    20000800    0000073b     UNINITIALIZED
                  20000800    00000400     uartstdio.obj (.bss:g_pcUARTTxBuffer)
                  20000c00    00000098     main.obj (.bss)
                  20000c98    00000088     sensors.obj (.bss:state)
                  20000d20    00000080     uartstdio.obj (.bss:g_pcUARTRxBuffer)
                  20000da0    00000054     BMP085.obj (.bss:baroHistTab$1)
                  20000df4    00000050     main.obj (.bss:config)
                  20000e44    0000003c     sensors.obj (.bss)
                  20000e80    00000028     HC_SR04.obj (.bss:sonarHist$1)
                  20000ea8    00000024     BMP085.obj (.bss:bmp085_ctx)
                  20000ecc    00000018     ADXL345.obj (.bss)
                  20000ee4    00000018     HMC5883.obj (.bss)
                  20000efc    00000014     HC_SR04.obj (.bss)
                  20000f10    00000010     BMP085.obj (.bss)
                  20000f20    0000000c     L3G4200D.obj (.bss)
                  20000f2c    00000008     uartstdio.obj (.bss)
                  20000f34    00000004     i2c_functions.obj (.bss)
                  20000f38    00000003     RF24.obj (.bss)

.data      0    20000f40    00000259     
                  20000f40    000000b0     rtsv7M4_T_le_v4SPD16_eabi.lib : signal.obj (.data:sigtable)
                  20000ff0    00000080                                   : xvalues.obj (.data)
                  20001070    00000068                                   : xfvalues.obj (.data)
                  200010d8    00000028     RF24.obj (.data:regList)
                  20001100    00000020     rc.obj (.data)
                  20001120    00000018     L3G4200D.obj (.data)
                  20001138    00000015     uartstdio.obj (.data)
                  2000114d    00000003     --HOLE--
                  20001150    00000010     HMC5883.obj (.data)
                  20001160    00000008     HC_SR04.obj (.data)
                  20001168    00000008     RF24.obj (.data)
                  20001170    00000008     rtsv7M4_T_le_v4SPD16_eabi.lib : _lock.obj (.data)
                  20001178    00000008                                   : exit.obj (.data)
                  20001180    00000008                                   : feraiseexcept.obj (.data)
                  20001188    00000004     i2c_functions.obj (.data)
                  2000118c    00000004     rtsv7M4_T_le_v4SPD16_eabi.lib : errno.obj (.data)
                  20001190    00000004                                   : stkdepth_vars.obj (.data)
                  20001194    00000003     buttons.obj (.data)
                  20001197    00000001     --HOLE--
                  20001198    00000001     main.obj (.data)


LINKER GENERATED COPY TABLES

__TI_cinit_table @ 000064e8 records: 2, size/record: 8, table size: 16
	.data: load addr=00006428, load size=000000a5 bytes, run addr=20000f40, run size=00000259 bytes, compression=rle
	.bss: load addr=000064e0, load size=00000008 bytes, run addr=20000800, run size=0000073b bytes, compression=zero_init


LINKER GENERATED HANDLER TABLE

__TI_handler_table @ 000064d0 records: 3, size/record: 4, table size: 12
	index: 0, handler: __TI_decompress_rle24
	index: 1, handler: __TI_decompress_none
	index: 2, handler: __TI_zero_init


GLOBAL SYMBOLS: SORTED ALPHABETICALLY BY Name 

address    name
--------   ----
00003525   ADXL345_Calibrate
00003503   ADXL345_GetCalibration
0000346d   ADXL345_Init
00003497   ADXL345_ReadADC
000034e1   ADXL345_SetCalibration
00003669   ADXL345_Update
0000040d   AttitudeControl
00001f6d   AttitudeEstimation
00002ba9   BMP085_Calculate
00002b53   BMP085_Init
00002ce7   BMP085_MeanFilter
00002ae9   BMP085_ReadCalibration
00002b7d   BMP085_UP_Read
00002b3d   BMP085_UP_Start
00002b93   BMP085_UT_Read
00002b27   BMP085_UT_Start
00002d51   BMP085_Update
00004b65   ButtonsInit
00004abd   ButtonsPoll
00005ae5   C$$EXIT
00005fa3   CPUcpsie
00000295   CalculateChecksum
0000548b   DelayInit
00005471   DelayMs
00005457   DelayUs
00004a17   Dot2
00005a19   EEPROMInit
00005195   EEPROMProgram
00005ccd   EEPROMRead
00005f59   FPUEnable
00005f69   FPULazyStackingEnable
00001a29   GPIOA_IntHandler
00003d69   GPIOB_IntHandler
000045d9   GPIOC_IntHandler
00005d2d   GPIODirModeSet
00005a5d   GPIOIntTypeSet
00005005   GPIOPadConfigSet
00005941   GPIOPinConfigure
0000604f   GPIOPinIntClear
00005faf   GPIOPinIntEnable
00005f79   GPIOPinIntStatus
00005feb   GPIOPinRead
00005e71   GPIOPinTypeGPIOInput
00005e83   GPIOPinTypeGPIOOutput
00005e95   GPIOPinTypeI2C
000055ed   GPIOPinTypeI2CSCL
00005ea7   GPIOPinTypeSSI
00005eb9   GPIOPinTypeTimer
00005ecb   GPIOPinTypeUART
00005ff5   GPIOPinWrite
00003d53   HC_SR04_GetDistance
00003d63   HC_SR04_GetOORCount
00003c01   HC_SR04_Init
00003cc9   HC_SR04_Update
00002763   HMC5883_Calibrate
00002741   HMC5883_GetCalibration
00002625   HMC5883_GetRawADC
00002885   HMC5883_Init
0000271f   HMC5883_SetCalibration
0000266d   HMC5883_Update
00003a55   I2CErrorCheck
000039b9   I2CGetErrorsCount
000039bf   I2CInit
00006027   I2CMasterBusy
00006061   I2CMasterControl
00006065   I2CMasterDataGet
00006069   I2CMasterDataPut
00005fff   I2CMasterEnable
00005e45   I2CMasterErr
0000585d   I2CMasterInitExpClk
0000602f   I2CMasterIntClear
00006037   I2CMasterSlaveAddrSet
00003a2b   I2CRead
00003a83   I2CReadMulti
00003afb   I2CReadMultiRegisters
00003b75   I2CReadRegister
000039fb   I2CWrite
00003b37   I2CWriteRegister
0000026d   InitConsole
000056dd   IntEnable
00006009   IntMasterEnable
0000498f   Inv2
00001d1d   KalmanFilter
00001c63   KalmanInit
000031f7   L3G4200D_Calibrate
0000317d   L3G4200D_Init
000031ad   L3G4200D_ReadADC
00003337   L3G4200D_Update
000002cb   LoadDefaults
00003793   MotorDisable
0000377b   MotorEnable
0000371d   MotorInit
000037eb   MotorSetDutyCycle
000037ab   MotorSetFrequency
0000392f   MotorSetMicroseconds
0000038f   PIDInit
000045af   RCGetValues
00004585   RCInit
0000034d   ReadConfig
00005fdf   ResetISR
UNDEFED    SHT$$INIT_ARRAY$$Base
UNDEFED    SHT$$INIT_ARRAY$$Limit
00004e09   SPIInit
00004eab   SPIReceive
00004e59   SPISend
0000603f   SSIBusy
00005aa1   SSIConfigSetExpClk
00005fbb   SSIDataGet
00006013   SSIDataPut
0000601d   SSIEnable
00000691   SendPID
000007cd   SendRawData
00000725   SendState
00001c4f   SensorsGetCalibration
00001bd9   SensorsInit
00001c3b   SensorsSetCalibration
00001c1d   SensorsUpdate
00003b97   SwapEndianness
0000404d   SysCtlClockGet
0000471d   SysCtlClockSet
00006055   SysCtlDelay
00005805   SysCtlPeripheralEnable
000053b1   SysCtlPeripheralReset
00003dcb   Timer2IntHandler
00005db9   TimerConfigure
00005edd   TimerControlEvent
00005e5d   TimerDisable
00005f87   TimerEnable
0000606d   TimerIntClear
00006047   TimerIntEnable
00005fc7   TimerLoadGet
00005eef   TimerLoadSet
00005f01   TimerMatchSet
00005f13   TimerPrescaleMatchSet
00005f25   TimerPrescaleSet
00005fd3   TimerValueGet
000014b7   UARTEchoSet
00001453   UARTFlushRx
00001479   UARTFlushTx
000013f7   UARTPeek
000013d5   UARTRxBytesAvail
00000e9b   UARTStdioConfig
00000f43   UARTStdioInit
00000f5d   UARTStdioInitExpClk
000014e5   UARTStdioIntHandler
000013e3   UARTTxBytesFree
000010b5   UARTgetc
00001039   UARTgets
00001101   UARTprintf
00000f77   UARTwrite
0000036f   WriteConfig
000043dd   _Atan
20000ff0   _Denorm
000050cd   _Dint
00005255   _Dnorm
00004d01   _Dscale
00005b29   _Dtest
00005741   _Dunscale
20001000   _Eps
2000118c   _Errno
00003e3d   _Exp
20001070   _FDenorm
20001080   _FEps
20001090   _FInf
200010a0   _FNan
200010c0   _FRteps
200010b0   _FSnan
200010d0   _FXbig
200010d4   _FZero
20001180   _Fenv
00005cfd   _Feraise
20001010   _Hugeval
20001020   _Inf
00002e59   _Log
20001030   _Nan
20001050   _Rteps
20001040   _Snan
20001184   _Tls_setup__Fenv
20001060   _Xbig
20001068   _Zero
20000800   __STACK_END
00000800   __STACK_SIZE
20000100   __STACK_TOP
000064e8   __TI_CINIT_Base
000064f8   __TI_CINIT_Limit
000064d0   __TI_Handler_Table_Base
000064dc   __TI_Handler_Table_Limit
00000001   __TI_args_main
000054d9   __TI_auto_init
00005f95   __TI_decompress_none
0000605b   __TI_decompress_rle24
00000000   __TI_static_base__
00005f37   __TI_zero_init
0000556d   __aeabi_cdcmpeq
0000556d   __aeabi_cdcmple
000058f5   __aeabi_d2f
000059d1   __aeabi_d2iz
0000422f   __aeabi_dadd
00004859   __aeabi_ddiv
00004f09   __aeabi_dmul
00004225   __aeabi_dsub
00005c2d   __aeabi_f2d
00005d5b   __aeabi_i2d
00005e2d   __aeabi_lmul
00005665   __aeabi_memclr
00005665   __aeabi_memclr4
00005665   __aeabi_memclr8
00005313   __aeabi_memcpy
00005313   __aeabi_memcpy4
00005313   __aeabi_memcpy8
00005667   __aeabi_memset
00005667   __aeabi_memset4
00005667   __aeabi_memset8
00005b6d   __aeabi_uidivmod
ffffffff   __binit__
ffffffff   __c_args__
20000000   __stack
00005e15   _args_main
00005989   _c_int00
20001178   _cleanup_ptr
2000117c   _dtors_ptr
20001170   _lock
00005e09   _nop
00005e03   _register_lock
00005dfd   _register_unlock
20001174   _unlock
00005ae9   abort
20000ecc   accADC
20000e60   accValue
20000e7c   accVar
20000ed8   accZero
00006420   addr
00006401   addrCount
20001168   addrList
000063ff   addrNum
20000c3c   altitude
20001198   armed
00004be1   atan2
20000f10   baroPressure
20000f18   baroPressureSum
20000f14   baroTemperature
ffffffff   binit
20000ea8   bmp085_ctx
20000c80   buffer
000058a9   copy_in
20000c00   currentTime
20000c10   cycleTime
20000c70   errorSum
00005af1   exit
00005c99   feraiseexcept
00000000   g_pfnVectors
20000f20   gyroADC
20000e54   gyroValue
20000e78   gyroVar
20001120   gyroZero
20000f34   i2cError
20001188   i2cErrorsCount
20000c60   lastError
00005de1   log
20000ee4   magADC
20001150   magGain
20000e6c   magValue
20000ef0   magZero
00000939   main
20001190   main_func_sp
00005313   memcpy
0000566d   memset
00005445   micros
20000c50   mtr
20000c2c   pitch
20000c38   pitchRate
00002139   pow
20000e4c   pressure
20000c08   previousTime
00005d89   raise
20000e44   rawADC
20000c40   rc
20001110   rcEdgeTime
20000c20   rcTime
20001100   rcValue
000063fe   regCount
200010d8   regList
000063f4   regNum
0000185b   rf24Available
000017e5   rf24Busy
00001793   rf24FlushRX
00001769   rf24FlushTX
000017bd   rf24GetStatus
0000191b   rf24Init
000018f7   rf24PowerDown
000018cb   rf24PowerUp
00001ac9   rf24PrintAll
0000172d   rf24ReadPayload
000016af   rf24ReadReg
00001861   rf24Receive
000017fd   rf24Send
00001999   rf24Setup
0000187b   rf24StartListening
000018b7   rf24StopListening
000016f1   rf24WritePayload
00001669   rf24WriteReg
20000c94   rf_state
20000c28   roll
20000c34   rollRate
20000f3a   rtOK
20000f39   rxOK
00005bb1   signal
20000f00   sonarDistance
20001160   sonarDistanceSum
20000f04   sonarEchoDur
20000f08   sonarEchoStart
20001164   sonarOORCount
20000efc   sonarReady
20000c98   state
20000e50   temperature
20000f38   txOK
20000c18   uartTime
20000c30   yaw


GLOBAL SYMBOLS: SORTED BY Symbol Address 

address    name
--------   ----
00000000   __TI_static_base__
00000000   g_pfnVectors
00000001   __TI_args_main
0000026d   InitConsole
00000295   CalculateChecksum
000002cb   LoadDefaults
0000034d   ReadConfig
0000036f   WriteConfig
0000038f   PIDInit
0000040d   AttitudeControl
00000691   SendPID
00000725   SendState
000007cd   SendRawData
00000800   __STACK_SIZE
00000939   main
00000e9b   UARTStdioConfig
00000f43   UARTStdioInit
00000f5d   UARTStdioInitExpClk
00000f77   UARTwrite
00001039   UARTgets
000010b5   UARTgetc
00001101   UARTprintf
000013d5   UARTRxBytesAvail
000013e3   UARTTxBytesFree
000013f7   UARTPeek
00001453   UARTFlushRx
00001479   UARTFlushTx
000014b7   UARTEchoSet
000014e5   UARTStdioIntHandler
00001669   rf24WriteReg
000016af   rf24ReadReg
000016f1   rf24WritePayload
0000172d   rf24ReadPayload
00001769   rf24FlushTX
00001793   rf24FlushRX
000017bd   rf24GetStatus
000017e5   rf24Busy
000017fd   rf24Send
0000185b   rf24Available
00001861   rf24Receive
0000187b   rf24StartListening
000018b7   rf24StopListening
000018cb   rf24PowerUp
000018f7   rf24PowerDown
0000191b   rf24Init
00001999   rf24Setup
00001a29   GPIOA_IntHandler
00001ac9   rf24PrintAll
00001bd9   SensorsInit
00001c1d   SensorsUpdate
00001c3b   SensorsSetCalibration
00001c4f   SensorsGetCalibration
00001c63   KalmanInit
00001d1d   KalmanFilter
00001f6d   AttitudeEstimation
00002139   pow
00002625   HMC5883_GetRawADC
0000266d   HMC5883_Update
0000271f   HMC5883_SetCalibration
00002741   HMC5883_GetCalibration
00002763   HMC5883_Calibrate
00002885   HMC5883_Init
00002ae9   BMP085_ReadCalibration
00002b27   BMP085_UT_Start
00002b3d   BMP085_UP_Start
00002b53   BMP085_Init
00002b7d   BMP085_UP_Read
00002b93   BMP085_UT_Read
00002ba9   BMP085_Calculate
00002ce7   BMP085_MeanFilter
00002d51   BMP085_Update
00002e59   _Log
0000317d   L3G4200D_Init
000031ad   L3G4200D_ReadADC
000031f7   L3G4200D_Calibrate
00003337   L3G4200D_Update
0000346d   ADXL345_Init
00003497   ADXL345_ReadADC
000034e1   ADXL345_SetCalibration
00003503   ADXL345_GetCalibration
00003525   ADXL345_Calibrate
00003669   ADXL345_Update
0000371d   MotorInit
0000377b   MotorEnable
00003793   MotorDisable
000037ab   MotorSetFrequency
000037eb   MotorSetDutyCycle
0000392f   MotorSetMicroseconds
000039b9   I2CGetErrorsCount
000039bf   I2CInit
000039fb   I2CWrite
00003a2b   I2CRead
00003a55   I2CErrorCheck
00003a83   I2CReadMulti
00003afb   I2CReadMultiRegisters
00003b37   I2CWriteRegister
00003b75   I2CReadRegister
00003b97   SwapEndianness
00003c01   HC_SR04_Init
00003cc9   HC_SR04_Update
00003d53   HC_SR04_GetDistance
00003d63   HC_SR04_GetOORCount
00003d69   GPIOB_IntHandler
00003dcb   Timer2IntHandler
00003e3d   _Exp
0000404d   SysCtlClockGet
00004225   __aeabi_dsub
0000422f   __aeabi_dadd
000043dd   _Atan
00004585   RCInit
000045af   RCGetValues
000045d9   GPIOC_IntHandler
0000471d   SysCtlClockSet
00004859   __aeabi_ddiv
0000498f   Inv2
00004a17   Dot2
00004abd   ButtonsPoll
00004b65   ButtonsInit
00004be1   atan2
00004d01   _Dscale
00004e09   SPIInit
00004e59   SPISend
00004eab   SPIReceive
00004f09   __aeabi_dmul
00005005   GPIOPadConfigSet
000050cd   _Dint
00005195   EEPROMProgram
00005255   _Dnorm
00005313   __aeabi_memcpy
00005313   __aeabi_memcpy4
00005313   __aeabi_memcpy8
00005313   memcpy
000053b1   SysCtlPeripheralReset
00005445   micros
00005457   DelayUs
00005471   DelayMs
0000548b   DelayInit
000054d9   __TI_auto_init
0000556d   __aeabi_cdcmpeq
0000556d   __aeabi_cdcmple
000055ed   GPIOPinTypeI2CSCL
00005665   __aeabi_memclr
00005665   __aeabi_memclr4
00005665   __aeabi_memclr8
00005667   __aeabi_memset
00005667   __aeabi_memset4
00005667   __aeabi_memset8
0000566d   memset
000056dd   IntEnable
00005741   _Dunscale
00005805   SysCtlPeripheralEnable
0000585d   I2CMasterInitExpClk
000058a9   copy_in
000058f5   __aeabi_d2f
00005941   GPIOPinConfigure
00005989   _c_int00
000059d1   __aeabi_d2iz
00005a19   EEPROMInit
00005a5d   GPIOIntTypeSet
00005aa1   SSIConfigSetExpClk
00005ae5   C$$EXIT
00005ae9   abort
00005af1   exit
00005b29   _Dtest
00005b6d   __aeabi_uidivmod
00005bb1   signal
00005c2d   __aeabi_f2d
00005c99   feraiseexcept
00005ccd   EEPROMRead
00005cfd   _Feraise
00005d2d   GPIODirModeSet
00005d5b   __aeabi_i2d
00005d89   raise
00005db9   TimerConfigure
00005de1   log
00005dfd   _register_unlock
00005e03   _register_lock
00005e09   _nop
00005e15   _args_main
00005e2d   __aeabi_lmul
00005e45   I2CMasterErr
00005e5d   TimerDisable
00005e71   GPIOPinTypeGPIOInput
00005e83   GPIOPinTypeGPIOOutput
00005e95   GPIOPinTypeI2C
00005ea7   GPIOPinTypeSSI
00005eb9   GPIOPinTypeTimer
00005ecb   GPIOPinTypeUART
00005edd   TimerControlEvent
00005eef   TimerLoadSet
00005f01   TimerMatchSet
00005f13   TimerPrescaleMatchSet
00005f25   TimerPrescaleSet
00005f37   __TI_zero_init
00005f59   FPUEnable
00005f69   FPULazyStackingEnable
00005f79   GPIOPinIntStatus
00005f87   TimerEnable
00005f95   __TI_decompress_none
00005fa3   CPUcpsie
00005faf   GPIOPinIntEnable
00005fbb   SSIDataGet
00005fc7   TimerLoadGet
00005fd3   TimerValueGet
00005fdf   ResetISR
00005feb   GPIOPinRead
00005ff5   GPIOPinWrite
00005fff   I2CMasterEnable
00006009   IntMasterEnable
00006013   SSIDataPut
0000601d   SSIEnable
00006027   I2CMasterBusy
0000602f   I2CMasterIntClear
00006037   I2CMasterSlaveAddrSet
0000603f   SSIBusy
00006047   TimerIntEnable
0000604f   GPIOPinIntClear
00006055   SysCtlDelay
0000605b   __TI_decompress_rle24
00006061   I2CMasterControl
00006065   I2CMasterDataGet
00006069   I2CMasterDataPut
0000606d   TimerIntClear
000063f4   regNum
000063fe   regCount
000063ff   addrNum
00006401   addrCount
00006420   addr
000064d0   __TI_Handler_Table_Base
000064dc   __TI_Handler_Table_Limit
000064e8   __TI_CINIT_Base
000064f8   __TI_CINIT_Limit
20000000   __stack
20000100   __STACK_TOP
20000800   __STACK_END
20000c00   currentTime
20000c08   previousTime
20000c10   cycleTime
20000c18   uartTime
20000c20   rcTime
20000c28   roll
20000c2c   pitch
20000c30   yaw
20000c34   rollRate
20000c38   pitchRate
20000c3c   altitude
20000c40   rc
20000c50   mtr
20000c60   lastError
20000c70   errorSum
20000c80   buffer
20000c94   rf_state
20000c98   state
20000e44   rawADC
20000e4c   pressure
20000e50   temperature
20000e54   gyroValue
20000e60   accValue
20000e6c   magValue
20000e78   gyroVar
20000e7c   accVar
20000ea8   bmp085_ctx
20000ecc   accADC
20000ed8   accZero
20000ee4   magADC
20000ef0   magZero
20000efc   sonarReady
20000f00   sonarDistance
20000f04   sonarEchoDur
20000f08   sonarEchoStart
20000f10   baroPressure
20000f14   baroTemperature
20000f18   baroPressureSum
20000f20   gyroADC
20000f34   i2cError
20000f38   txOK
20000f39   rxOK
20000f3a   rtOK
20000ff0   _Denorm
20001000   _Eps
20001010   _Hugeval
20001020   _Inf
20001030   _Nan
20001040   _Snan
20001050   _Rteps
20001060   _Xbig
20001068   _Zero
20001070   _FDenorm
20001080   _FEps
20001090   _FInf
200010a0   _FNan
200010b0   _FSnan
200010c0   _FRteps
200010d0   _FXbig
200010d4   _FZero
200010d8   regList
20001100   rcValue
20001110   rcEdgeTime
20001120   gyroZero
20001150   magGain
20001160   sonarDistanceSum
20001164   sonarOORCount
20001168   addrList
20001170   _lock
20001174   _unlock
20001178   _cleanup_ptr
2000117c   _dtors_ptr
20001180   _Fenv
20001184   _Tls_setup__Fenv
20001188   i2cErrorsCount
2000118c   _Errno
20001190   main_func_sp
20001198   armed
ffffffff   __binit__
ffffffff   __c_args__
ffffffff   binit
UNDEFED    SHT$$INIT_ARRAY$$Base
UNDEFED    SHT$$INIT_ARRAY$$Limit

[318 symbols]
